src/controllers/entController.ts(11,30): error TS2554: Expected 3 arguments, but got 0.
src/controllers/entController.ts(32,30): error TS2554: Expected 3 arguments, but got 0.
src/controllers/trvController.ts(13,30): error TS2554: Expected 3 arguments, but got 0.
src/services/searchEngine.ts(17,38): error TS7006: Parameter 'item' implicitly has an 'any' type.
